19:16:00 **** Incremental Build of configuration Debug for project exercise6 ****
make -j12 all 
arm-none-eabi-gcc "../Core/Src/main.c" -mcpu=cortex-m3 -std=gnu11 -g3 -DDEBUG -DUSE_HAL_DRIVER -DSTM32F103x6 -c -I../Core/Inc -I../Drivers/STM32F1xx_HAL_Driver/Inc -I../Drivers/STM32F1xx_HAL_Driver/Inc/Legacy -I../Drivers/CMSIS/Device/ST/STM32F1xx/Include -I../Drivers/CMSIS/Include -O0 -ffunction-sections -fdata-sections -Wall -fstack-usage -MMD -MP -MF"Core/Src/main.d" -MT"Core/Src/main.o" --specs=nano.specs -mfloat-abi=soft -mthumb -o "Core/Src/main.o"
arm-none-eabi-gcc -o "exercise6.elf" @"objects.list"   -mcpu=cortex-m3 -T"C:\Study\Lab 1\ex6\exercise6\STM32F103C6UX_FLASH.ld" --specs=nosys.specs -Wl,-Map="exercise6.map" -Wl,--gc-sections -static --specs=nano.specs -mfloat-abi=soft -mthumb -Wl,--start-group -lc -lm -Wl,--end-group
Finished building target: exercise6.elf
 
arm-none-eabi-size   exercise6.elf 
arm-none-eabi-objdump -h -S  exercise6.elf  > "exercise6.list"
arm-none-eabi-objcopy  -O ihex  exercise6.elf  "exercise6.hex"
   text	   data	    bss	    dec	    hex	filename
   5244	     20	   1572	   6836	   1ab4	exercise6.elf
arm-none-eabi-objcopy  -O binary  exercise6.elf  "exercise6.bin"
Finished building: default.size.stdout
 
Finished building: exercise6.hex
Finished building: exercise6.bin
 
 
Finished building: exercise6.list
 

19:16:01 Build Finished. 0 errors, 0 warnings. (took 1s.5ms)

