00:58:44 **** Incremental Build of configuration Debug for project timer_test ****
make -j12 all 
arm-none-eabi-gcc "../Core/Src/main.c" -mcpu=cortex-m3 -std=gnu11 -g3 -DDEBUG -DUSE_HAL_DRIVER -DSTM32F103x6 -c -I../Core/Inc -I../Drivers/STM32F1xx_HAL_Driver/Inc -I../Drivers/STM32F1xx_HAL_Driver/Inc/Legacy -I../Drivers/CMSIS/Device/ST/STM32F1xx/Include -I../Drivers/CMSIS/Include -O0 -ffunction-sections -fdata-sections -Wall -fstack-usage -MMD -MP -MF"Core/Src/main.d" -MT"Core/Src/main.o" --specs=nano.specs -mfloat-abi=soft -mthumb -o "Core/Src/main.o"
arm-none-eabi-gcc -o "timer_test.elf" @"objects.list"   -mcpu=cortex-m3 -T"C:\Study\Lab 2\timer\STM32F103C6UX_FLASH.ld" --specs=nosys.specs -Wl,-Map="timer_test.map" -Wl,--gc-sections -static --specs=nano.specs -mfloat-abi=soft -mthumb -Wl,--start-group -lc -lm -Wl,--end-group
Finished building target: timer_test.elf
 
arm-none-eabi-size   timer_test.elf 
arm-none-eabi-objdump -h -S  timer_test.elf  > "timer_test.list"
arm-none-eabi-objcopy  -O ihex  timer_test.elf  "timer_test.hex"
   text	   data	    bss	    dec	    hex	filename
   7416	     40	   1648	   9104	   2390	timer_test.elf
arm-none-eabi-objcopy  -O binary  timer_test.elf  "timer_test.bin"
Finished building: default.size.stdout
 
Finished building: timer_test.hex
Finished building: timer_test.bin
 
 
Finished building: timer_test.list
 

00:58:45 Build Finished. 0 errors, 0 warnings. (took 969ms)

