15:40:53 **** Incremental Build of configuration Debug for project exercise3 ****
make -j12 all 
arm-none-eabi-gcc "../Core/Src/main.c" -mcpu=cortex-m3 -std=gnu11 -g3 -DDEBUG -DUSE_HAL_DRIVER -DSTM32F103x6 -c -I../Core/Inc -I../Drivers/STM32F1xx_HAL_Driver/Inc -I../Drivers/STM32F1xx_HAL_Driver/Inc/Legacy -I../Drivers/CMSIS/Device/ST/STM32F1xx/Include -I../Drivers/CMSIS/Include -O0 -ffunction-sections -fdata-sections -Wall -fstack-usage -MMD -MP -MF"Core/Src/main.d" -MT"Core/Src/main.o" --specs=nano.specs -mfloat-abi=soft -mthumb -o "Core/Src/main.o"
arm-none-eabi-gcc -o "exercise3.elf" @"objects.list"   -mcpu=cortex-m3 -T"C:\Study\Lab 1\ex3\exercise3\STM32F103C6UX_FLASH.ld" --specs=nosys.specs -Wl,-Map="exercise3.map" -Wl,--gc-sections -static --specs=nano.specs -mfloat-abi=soft -mthumb -Wl,--start-group -lc -lm -Wl,--end-group
Finished building target: exercise3.elf
 
arm-none-eabi-size   exercise3.elf 
arm-none-eabi-objdump -h -S  exercise3.elf  > "exercise3.list"
arm-none-eabi-objcopy  -O ihex  exercise3.elf  "exercise3.hex"
   text	   data	    bss	    dec	    hex	filename
   6480	     20	   1572	   8072	   1f88	exercise3.elf
arm-none-eabi-objcopy  -O binary  exercise3.elf  "exercise3.bin"
Finished building: default.size.stdout
 
Finished building: exercise3.hex
Finished building: exercise3.bin
 
Finished building: exercise3.list
 
 
