09:28:23 **** Incremental Build of configuration Debug for project nucleo ****
make -j12 all 
arm-none-eabi-gcc "../Core/Src/main.c" -mcpu=cortex-m3 -std=gnu11 -g3 -DDEBUG -DUSE_HAL_DRIVER -DSTM32F103xB -c -I../Core/Inc -I../Drivers/STM32F1xx_HAL_Driver/Inc -I../Drivers/STM32F1xx_HAL_Driver/Inc/Legacy -I../Drivers/CMSIS/Device/ST/STM32F1xx/Include -I../Drivers/CMSIS/Include -O0 -ffunction-sections -fdata-sections -Wall -fstack-usage -MMD -MP -MF"Core/Src/main.d" -MT"Core/Src/main.o" --specs=nano.specs -mfloat-abi=soft -mthumb -o "Core/Src/main.o"
arm-none-eabi-gcc -o "nucleo.elf" @"objects.list"   -mcpu=cortex-m3 -T"C:\Study\Lab 1\ex3\nucleo\STM32F103RBTX_FLASH.ld" --specs=nosys.specs -Wl,-Map="nucleo.map" -Wl,--gc-sections -static --specs=nano.specs -mfloat-abi=soft -mthumb -Wl,--start-group -lc -lm -Wl,--end-group
Finished building target: nucleo.elf
 
arm-none-eabi-size   nucleo.elf 
arm-none-eabi-objdump -h -S  nucleo.elf  > "nucleo.list"
arm-none-eabi-objcopy  -O ihex  nucleo.elf  "nucleo.hex"
   text	   data	    bss	    dec	    hex	filename
   4956	     20	   1572	   6548	   1994	nucleo.elf
arm-none-eabi-objcopy  -O binary  nucleo.elf  "nucleo.bin"
Finished building: default.size.stdout
 
Finished building: nucleo.hex
Finished building: nucleo.bin
 
Finished building: nucleo.list
 
 

09:28:23 Build Finished. 0 errors, 0 warnings. (took 775ms)

